2026-05-14T17:27:19.370095 | zone_breached | restricted zone | HUMAN | person | 0.87
2026-05-14T17:27:24.381772 | zone_breached | restricted zone | HUMAN | person | 0.83
2026-05-14T17:28:22.897912 | zone_breached | restricted zone | HUMAN | person | 0.64
2026-05-14T17:28:27.907066 | zone_breached | restricted zone | HUMAN | person | 0.71
2026-05-14T17:30:31.909861 | zone_breached | restricted zone | HUMAN | person | 0.74
2026-05-14T18:06:23.689839 | zone_breached | zone1 | HUMAN | person | 0.88
2026-05-14T18:06:28.770539 | zone_breached | zone1 | HUMAN | person | 0.89
2026-05-14T18:06:33.810342 | zone_breached | zone1 | HUMAN | person | 0.90
2026-05-14T18:06:38.811809 | zone_breached | zone1 | HUMAN | person | 0.89
2026-05-14T19:40:00.717027 | zone_breached | zone–1 | HUMAN | person | 0.90
2026-05-14T19:40:03.293862 | zone_breached | zone–1 | OBJECT | handbag | 0.45
2026-05-14T19:40:03.294868 | restricted_object_moved | zone–1 | OBJECT | handbag | 0.45
2026-05-14T19:40:05.729890 | zone_breached | zone–1 | HUMAN | person | 0.92
2026-05-14T19:40:08.309688 | zone_breached | zone–1 | OBJECT | suitcase | 0.43
2026-05-14T19:40:08.314911 | restricted_object_moved | zone–1 | OBJECT | suitcase | 0.43
2026-05-14T19:40:10.772977 | zone_breached | zone–1 | HUMAN | person | 0.85
2026-05-14T19:40:14.784841 | zone_breached | zone–1 | OBJECT | suitcase | 0.44
2026-05-14T19:40:14.784841 | restricted_object_moved | zone–1 | OBJECT | suitcase | 0.44
2026-05-14T19:40:15.840781 | zone_breached | zone–1 | HUMAN | person | 0.94
2026-05-14T19:40:19.814742 | zone_breached | zone–1 | OBJECT | suitcase | 0.43
2026-05-14T19:40:19.814742 | restricted_object_moved | zone–1 | OBJECT | suitcase | 0.43
2026-05-14T19:40:20.890520 | zone_breached | zone–1 | HUMAN | person | 0.89
2026-05-14T19:40:24.914965 | zone_breached | zone–1 | OBJECT | suitcase | 0.45
2026-05-14T19:40:24.914965 | restricted_object_moved | zone–1 | OBJECT | suitcase | 0.45
2026-05-14T19:40:25.896936 | zone_breached | zone–1 | HUMAN | person | 0.91
2026-05-14T19:40:30.560002 | zone_breached | zone–1 | OBJECT | suitcase | 0.45
2026-05-14T19:40:30.560002 | restricted_object_moved | zone–1 | OBJECT | suitcase | 0.45
2026-05-14T19:40:31.004480 | zone_breached | zone–1 | HUMAN | person | 0.92
2026-05-14T19:40:35.956510 | zone_breached | zone–1 | OBJECT | laptop | 0.44
2026-05-14T19:40:35.956510 | restricted_object_moved | zone–1 | OBJECT | laptop | 0.44
2026-05-14T19:40:36.116295 | zone_breached | zone–1 | HUMAN | person | 0.88
2026-05-14T19:46:16.594388 | zone_breached | zone1 | HUMAN | person | 0.90
2026-05-14T19:46:21.697650 | zone_breached | zone1 | HUMAN | person | 0.94
2026-05-14T19:46:26.764028 | zone_breached | zone1 | HUMAN | person | 0.83
2026-05-14T19:46:31.823685 | zone_breached | zone1 | HUMAN | person | 0.94
2026-05-14T19:46:36.847427 | zone_breached | zone1 | HUMAN | person | 0.87
2026-05-14T19:46:41.896003 | zone_breached | zone1 | HUMAN | person | 0.87
2026-05-14T19:46:46.940976 | zone_breached | zone1 | HUMAN | person | 0.92
2026-05-14T19:46:51.943645 | zone_breached | zone1 | HUMAN | person | 0.89
2026-05-14T19:48:50.445453 | zone_breached | zone1 | HUMAN | person | 0.84
2026-05-14T19:48:55.504081 | zone_breached | zone1 | HUMAN | person | 0.92
2026-05-14T19:49:00.510172 | zone_breached | zone1 | HUMAN | person | 0.71
2026-05-14T19:49:16.285280 | zone_breached | zone1 | HUMAN | person | 0.89
2026-05-14T19:49:21.339938 | zone_breached | zone1 | HUMAN | person | 0.81
2026-05-14T19:49:26.358537 | zone_breached | zone1 | HUMAN | person | 0.83
2026-05-14T19:49:31.371259 | zone_breached | zone1 | HUMAN | person | 0.90
2026-05-14T19:49:36.438870 | zone_breached | zone1 | HUMAN | person | 0.88
